// Jest Snapshot v1, https://goo.gl/fbAQLP

exports[`the data is correct  1`] = `"Day"`;

exports[`the login data is correct  1`] = `"Day"`;
