// Jest Snapshot v1, https://goo.gl/fbAQLP

exports[`the data is correct  1`] = `"Event"`;

exports[`the login data is correct  1`] = `"Event"`;
