// Jest Snapshot v1, https://goo.gl/fbAQLP

exports[`the login data is correct  1`] = `"Login"`;
