// Jest Snapshot v1, https://goo.gl/fbAQLP

exports[`the input data is correct  1`] = `[Function]`;
